1779548472496	geckodriver	INFO	Listening on 127.0.0.1:57541
1779548472547	mozrunner::runner	INFO	Running command: "C:\\Program Files\\Mozilla Firefox\\firefox.exe" "--marionette" "--remote-debugging-port" "57542" "--remote-allow-hosts" "localhost" "-no-remote" "-profile" "C:\\temp\\rust_mozprofileQDCliW"
console.warn: services.settings: Ignoring preference override of remote settings server
console.warn: services.settings: Allow by setting MOZ_REMOTE_SETTINGS_DEVTOOLS=1 in the environment
1779548472766	Marionette	INFO	Marionette enabled
Dynamically enable window occlusion 0
1779548472822	Marionette	INFO	Listening on port 57547
WebDriver BiDi listening on ws://127.0.0.1:57542
Read port: 57547
1779548472926	RemoteAgent	WARN	TLS certificate errors will be ignored for this session
console.error: services.settings: 
  main/query-stripping Signature failed  InvalidSignatureError: Invalid content signature (main/query-stripping) using 'remote-settings.content-signature.mozilla.org-2026-06-16-11-43-46.chain'
console.error: services.settings: 
  main/query-stripping local data was corrupted
console.warn: services.settings: main/query-stripping Signature verified failed. Retry from scratch
console.error: services.settings: 
  main/query-stripping Signature failed again InvalidSignatureError: Invalid content signature (main/query-stripping) using 'remote-settings.content-signature.mozilla.org-2026-06-16-11-43-46.chain'
console.error: (new InvalidSignatureError("Invalid content signature (main/query-stripping) using 'remote-settings.content-signature.mozilla.org-2026-06-16-11-43-46.chain'", "resource://services-settings/RemoteSettingsClient.sys.mjs", 165))
console.error: services.settings: 
  main/partitioning-exempt-urls Signature failed  InvalidSignatureError: Invalid content signature (main/partitioning-exempt-urls) using 'remote-settings.content-signature.mozilla.org-2026-06-16-11-43-46.chain'
console.error: services.settings: 
  main/partitioning-exempt-urls local data was corrupted
console.warn: services.settings: main/partitioning-exempt-urls Signature verified failed. Retry from scratch
console.error: services.settings: 
  main/fingerprinting-protection-overrides Signature failed  InvalidSignatureError: Invalid content signature (main/fingerprinting-protection-overrides) using 'remote-settings.content-signature.mozilla.org-2026-06-16-11-43-46.chain'
console.error: services.settings: 
  main/partitioning-exempt-urls Signature failed again InvalidSignatureError: Invalid content signature (main/partitioning-exempt-urls) using 'remote-settings.content-signature.mozilla.org-2026-06-16-11-43-46.chain'
console.error: services.settings: 
  main/fingerprinting-protection-overrides local data was corrupted
console.warn: services.settings: main/fingerprinting-protection-overrides Signature verified failed. Retry from scratch
console.error: (new InvalidSignatureError("Invalid content signature (main/partitioning-exempt-urls) using 'remote-settings.content-signature.mozilla.org-2026-06-16-11-43-46.chain'", "resource://services-settings/RemoteSettingsClient.sys.mjs", 165))
console.error: services.settings: 
  main/fingerprinting-protection-overrides Signature failed again InvalidSignatureError: Invalid content signature (main/fingerprinting-protection-overrides) using 'remote-settings.content-signature.mozilla.org-2026-06-16-11-43-46.chain'
console.error: (new InvalidSignatureError("Invalid content signature (main/fingerprinting-protection-overrides) using 'remote-settings.content-signature.mozilla.org-2026-06-16-11-43-46.chain'", "resource://services-settings/RemoteSettingsClient.sys.mjs", 165))
1779548477109	Marionette	INFO	Stopped listening on port 57547
Dynamically enable window occlusion 1
